[
  {
    "name": "rubygems/bundler",
    "count": 1,
    "contrib": true
  }
]
