[
  {
    "link": "https://gist.github.com/208597ccc64bf9b436ed",
    "desc": "python equivalent of ruby's binding.pry"
  }
]
