==> https://api.github.com/repos/rack/rack
[
  {
    "name": "rack/rack",
    "desc": "A modular Ruby web server interface.",
    "link": "https://github.com/rack/rack"
  }
]
